// Jest Snapshot v1, https://goo.gl/fbAQLP

exports[`FancyButton component snapshot 1`] = `
<div
  className="FancyButton"
>
  <div>
    Hello
  </div>
</div>
`;
